

20180126091613
20180126091715
FAIL
USBF
;0010F35F0781;0010F35F0789


DETAIL
ModelName:SG125rev3
Please insert DUT...
Total test:1 ,Total test time:286 seconds, Average test time: 286 seconds,Function test time:6 seconds,Efficiency:2%
                                                                       [07;00H                                                                                [08;00H                                                                                [09;00H                                                                                [10;00H                                                                                [11;00H                                                                                [12;00H                                                                                [13;00H                                                                                [14;00H                                                                                [15;00H                                                                                [16;00H                                                                                [17;00H                                                                                [18;00H                                                                                [19;00H                                                                                [20;00H                                                                                [21;00H                                                                                [22;00H                                                                                [23;00H                                                                                [24;00H                                                                               [24;00H[00;01H
Current selected comport:3
/ $
DllVersion:1.0.1.12
Date:2018-01-26 09:17:06
Model:SG125rev3
=====TEST:CheckRTC=====
hwclock
Fri Jan 26 01:17:06 2018  0.000000 seconds
/ $
Time Interval:-1 s
RESULT: CheckRTC PASS
Date:2018-01-26 09:17:07
DllVersion:1.0.1.12
Date:2018-01-26 09:17:07
Model:SG125rev3
=====TEST:USB=====
sfdisk -s|grep /dev/|grep -v lv|awk -F':' '{print $1}'
/dev/sda
/dev/sdb
/ $
smartctl -i /dev/sda
smartctl 6.0 2012-10-10 r3643 [x86_64-linux-4.8.8] (local build)
Copyright (C) 2002-12, Bruce Allen, Christian Franke, www.smartmontools.org
=== START OF INFORMATION SECTION ===
Device Model:     64GB SATA Flash Drive
Serial Number:    B0717342800000000148
LU WWN Device Id: 5 dc663a 07bf00148
Firmware Version: SFDN004E
User Capacity:    64,023,257,088 bytes [64.0 GB]
Sector Size:      512 bytes logical/physical
Rotation Rate:    Solid State Device
Device is:        Not in smartctl database [for details use: -P showall]
ATA Version is:   ACS-2 (minor revision not indicated)
SATA Version is:  SATA 3.1, 6.0 Gb/s (current: 6.0 Gb/s)
Local Time is:    Fri Jan 26 01:17:07 2018 UTC
SMART support is: Available - device has SMART capability.
SMART support is: Enabled
/ $
fdisk -l /dev/sda
Disk /dev/sda: 64.0 GB, 64023257088 bytes
255 heads, 63 sectors/track, 7783 cylinders
Units = cylinders of 16065 * 512 = 8225280 bytes
Device Boot      Start         End      Blocks  Id System
/ $
smartctl -i /dev/sdb
smartctl 6.0 2012-10-10 r3643 [x86_64-linux-4.8.8] (local build)
Copyright (C) 2002-12, Bruce Allen, Christian Franke, www.smartmontools.org
/dev/sdb: Unknown USB bridge [0x090c:0x1000 (0x1100)]
Please specify device type with the -d option.
Use smartctl -h to get a usage summary
/ $
fdisk -l /dev/sdb
Disk /dev/sdb: 8017 MB, 8017412096 bytes
5 heads, 56 sectors/track, 55925 cylinders
Units = cylinders of 280 * 512 = 143360 bytes
Device Boot      Start         End      Blocks  Id System
/dev/sdb1   *           8        1792      249856  83 Linux
/ $
fdisk -l /dev/sdb
Disk /dev/sdb: 8017 MB, 8017412096 bytes
5 heads, 56 sectors/track, 55925 cylinders
Units = cylinders of 280 * 512 = 143360 bytes
Device Boot      Start         End      Blocks  Id System
/dev/sdb1   *           8        1792      249856  83 Linux
/ $
mount "/dev/sdb" /mnt/usb
mount: mounting /dev/sdb on /mnt/usb failed: Device or resource busy
/ $
mount
rootfs on / type rootfs (rw,size=987460k,nr_inodes=246865)
proc on /proc type proc (rw,relatime)
sysfs on /sys type sysfs (rw,relatime)
/dev/sdb1 on /mnt/usb type ext3 (rw,relatime,data=ordered)
/ $
rm -rf /tmp/test
/ $
rm -rf /mnt/usb/test
/ $
test -e /mnt/usb/test
/ $
echo $?
1
/ $
dd if=/dev/zero of=/tmp/test count=1M bs=1
1048576+0 records in
1048576+0 records out
1048576 bytes (1.0MB) copied, 1.336566 seconds, 766.1KB/s
/ $
cp -arf /tmp/test /mnt/usb
/ $
test -e /mnt/usb/test
/ $
echo $?
0
/ $
cp -arf /mnt/usb/test /tmp/test1
/ $
test -e /tmp/test1
/ $
echo $?
0
/ $[   36.547362] random: crng init done
cmp -l /tmp/test /tmp/test1
/ $
echo $?
0
/ $
umount /mnt/usb
/ $
mount
rootfs on / type rootfs (rw,size=987460k,nr_inodes=246865)
proc on /proc type proc (rw,relatime)
sysfs on /sys type sysfs (rw,relatime)
/ $
Not Enough USB test pass
Date:2018-01-26 09:17:14
Model:SG125rev3
=====TEST:USB=====
sfdisk -s|grep /dev/|grep -v lv|awk -F':' '{print $1}'
/dev/sda
/dev/sdb
/ $
smartctl -i /dev/sda
smartctl 6.0 2012-10-10 r3643 [x86_64-linux-4.8.8] (local build)
Copyright (C) 2002-12, Bruce Allen, Christian Franke, www.smartmontools.org
=== START OF INFORMATION SECTION ===
Device Model:     64GB SATA Flash Drive
Serial Number:    B0717342800000000148
LU WWN Device Id: 5 dc663a 07bf00148
Firmware Version: SFDN004E
User Capacity:    64,023,257,088 bytes [64.0 GB]
Sector Size:      512 bytes logical/physical
Rotation Rate:    Solid State Device
Device is:        Not in smartctl database [for details use: -P showall]
ATA Version is:   ACS-2 (minor revision not indicated)
SATA Version is:  SATA 3.1, 6.0 Gb/s (current: 6.0 Gb/s)
Local Time is:    Fri Jan 26 01:17:14 2018 UTC
SMART support is: Available - device has SMART capability.
SMART support is: Enabled
/ $
fdisk -l /dev/sda
Disk /dev/sda: 64.0 GB, 64023257088 bytes
255 heads, 63 sectors/track, 7783 cylinders
Units = cylinders of 16065 * 512 = 8225280 bytes
Device Boot      Start         End      Blocks  Id System
/ $
smartctl -i /dev/sdb
smartctl 6.0 2012-10-10 r3643 [x86_64-linux-4.8.8] (local build)
Copyright (C) 2002-12, Bruce Allen, Christian Franke, www.smartmontools.org
/dev/sdb: Unknown USB bridge [0x090c:0x1000 (0x1100)]
Please specify device type with the -d option.
Use smartctl -h to get a usage summary
/ $
fdisk -l /dev/sdb
Disk /dev/sdb: 8017 MB, 8017412096 bytes
5 heads, 56 sectors/track, 55925 cylinders
Units = cylinders of 280 * 512 = 143360 bytes
Device Boot      Start         End      Blocks  Id System
/dev/sdb1   *           8        1792      249856  83 Linux
/ $
fdisk -l /dev/sdb
Disk /dev/sdb: 8017 MB, 8017412096 bytes
5 heads, 56 sectors/track, 55925 cylinders
Units = cylinders of 280 * 512 = 143360 bytes
Device Boot      Start         End      Blocks  Id System
/dev/sdb1   *           8        1792      249856  83 Linux
/ $
mount "/dev/sdb" /mnt/usb
mount: mounting /dev/sdb on /mnt/usb failed: Invalid argument
/ $
mount
rootfs on / type rootfs (rw,size=987460k,nr_inodes=246865)
proc on /proc type proc (rw,relatime)
sysfs on /sys type sysfs (rw,relatime)
/ $
Can not mount usb port
RESULT: USB FAIL
Date:2018-01-26 09:17:15
Total test time : 62 seconds.
